// Jest Snapshot v1, https://goo.gl/fbAQLP

exports[`should render expensedahboard page 1`] = `
<div>
  DashBoardPage content
</div>
`;
