// Jest Snapshot v1, https://goo.gl/fbAQLP

exports[`should render HelpExpensePage page 1`] = `
<div>
  This is from Help component.
</div>
`;
