// Jest Snapshot v1, https://goo.gl/fbAQLP

exports[`should render Login Page correctly 1`] = `
<div
  className="box-layout"
>
  <div
    className="box_layout__box"
  >
    <h1
      className="box-layout__title"
    >
      BoilerPlate
    </h1>
    <p>
      Tag Line for App
    </p>
    <button
      className="button"
      onClick={[MockFunction]}
    >
      Login With Google
    </button>
  </div>
</div>
`;
