// Jest Snapshot v1, https://goo.gl/fbAQLP

exports[`should render expensedahboard page 1`] = `
<label
  className="col check"
>
  <input
    name="launch_year"
    type="checkbox"
  />
  <span>
     
  </span>
</label>
`;
